[backblue.gif]
[fade.gif]
[index.html]
[www.math.univ-montp2.fr/_cibils/tc/Images/tuilejaune.gif]
[www.math.univ-montp2.fr/_cibils/tc/D%E9part.html]
[www.math.univ-montp2.fr/_cibils/tc/Page2.html]
[www.math.univ-montp2.fr/_cibils/tc/Images/alien.jpg]
[www.math.univ-montp2.fr/_cibils/tc/Page16.html]
[www.math.univ-montp2.fr/_cibils/tc/Page5.html]
[www.math.univ-montp2.fr/_cibils/tc/Images/Fl%E8ches.jpg]
[www.math.univ-montp2.fr/_cibils/tc/Images/fl%E8che couleur.gif]
[www.math.univ-montp2.fr/_cibils/tc/Page4.html]
[www.math.univ-montp2.fr/_cibils/tc/Images/maison.jpg]
[www.math.univ-montp2.fr/_cibils/tc/Images/talisman.jpg]
[www.math.univ-montp2.fr/_cibils/tc/Page17.html]
[www.math.univ-montp2.fr/_cibils/tc/Page27.html]
[www.math.univ-montp2.fr/_cibils/tc/Images/Bouton.jpg]
[www.math.univ-montp2.fr/_cibils/tc/Page28.html]
[www.math.univ-montp2.fr/_cibils/tc/Page6.html]
[www.math.univ-montp2.fr/_cibils/tc/Images/Crac.jpg]
[www.math.univ-montp2.fr/_cibils/tc/Page7.html]
[www.math.univ-montp2.fr/_cibils/tc/Page18.html]
[www.math.univ-montp2.fr/_cibils/tc/Images/cercle.jpg]
[www.math.univ-montp2.fr/_cibils/tc/Page20.html]
[www.math.univ-montp2.fr/_cibils/tc/Page29.html]
[www.math.univ-montp2.fr/_cibils/tc/Page30.html]
[www.math.univ-montp2.fr/_cibils/tc/Images/Pan.jpg]
[www.math.univ-montp2.fr/_cibils/tc/Images/indien page8.jpg]
[www.math.univ-montp2.fr/_cibils/tc/Page8.html]
[www.math.univ-montp2.fr/_cibils/tc/Images/Balle.jpg]
[www.math.univ-montp2.fr/_cibils/tc/Images/fl%E8che droite couleur.gif]
[www.math.univ-montp2.fr/_cibils/tc/Page3.html]
[www.math.univ-montp2.fr/_cibils/tc/Images/bouteille.jpg]
[www.math.univ-montp2.fr/_cibils/tc/Images/bouteille verte.jpg]
[www.math.univ-montp2.fr/_cibils/tc/Page21.html]
[www.math.univ-montp2.fr/_cibils/tc/Images/frigo.jpg]
[www.math.univ-montp2.fr/_cibils/tc/Page19.html]
[www.math.univ-montp2.fr/_cibils/tc/Images/rayon.jpg]
[www.math.univ-montp2.fr/_cibils/tc/Page23.html]
[www.math.univ-montp2.fr/_cibils/tc/Images/explosion.jpg]
[www.math.univ-montp2.fr/_cibils/tc/Page25.html]
[www.math.univ-montp2.fr/_cibils/tc/Images/artifice1.jpg]
[www.math.univ-montp2.fr/_cibils/tc/Images/fl%E8che bas rouge blanc.gif]
[www.math.univ-montp2.fr/_cibils/tc/Images/artifice2.jpg]
[www.math.univ-montp2.fr/_cibils/tc/Images/artifice3.jpg]
[www.math.univ-montp2.fr/_cibils/tc/Images/fl%E8che haut bleue.jpg]
[www.math.univ-montp2.fr/_cibils/tc/Images/artifice4.jpg]
[www.math.univ-montp2.fr/_cibils/tc/Page15.html]
[www.math.univ-montp2.fr/_cibils/tc/Images/cowboy petit.jpg]
[www.math.univ-montp2.fr/_cibils/tc/Page9.html]
[www.math.univ-montp2.fr/_cibils/tc/Images/indien.jpg]
[www.math.univ-montp2.fr/_cibils/tc/Page10.html]
[www.math.univ-montp2.fr/_cibils/tc/Images/diamant.jpg]
[www.math.univ-montp2.fr/_cibils/tc/Page22.html]
[www.math.univ-montp2.fr/_cibils/tc/Page31.html]
[www.math.univ-montp2.fr/_cibils/tc/Page26.html]
[www.math.univ-montp2.fr/_cibils/tc/Page24.html]
[www.math.univ-montp2.fr/_cibils/tc/Page11.html]
[www.math.univ-montp2.fr/_cibils/tc/Page12.html]
[www.math.univ-montp2.fr/_cibils/tc/Images/tirer.jpg]
[www.math.univ-montp2.fr/_cibils/tc/Page13.html]
[www.math.univ-montp2.fr/_cibils/tc/Page14.html]
